{"col1": 0, "col2": "col0", "col3": 0}
{"col1": 1, "col2": "col1", "col3": 0.1}
{"col1": 2, "col2": "col2", "col3": 0.2}
{"col1": 3, "col2": "col3", "col3": 0.3}
{"col1": 4, "col2": "col4", "col3": 0.4}
{"col1": 5, "col2": "col5", "col3": 0.5}
{"col1": 6, "col2": "col6", "col3": 0.6}
{"col1": 7, "col2": "col7", "col3": 0.7}
{"col1": 8, "col2": "col8", "col3": 0.8}
{"col1": 9, "col2": "col9", "col3": 0.9}
{"col1": 10, "col2": "col10", "col3": 1}
{"col1": 11, "col2": "col11", "col3": 1.1}
{"col1": 12, "col2": "col12", "col3": 1.2}
{"col1": 13, "col2": "col13", "col3": 1.3}
{"col1": 14, "col2": "col14", "col3": 1.4}
{"col1": 15, "col2": "col15", "col3": 1.5}
{"col1": 16, "col2": "col16", "col3": 1.6}
{"col1": 17, "col2": "col17", "col3": 1.7}
{"col1": 18, "col2": "col18", "col3": 1.8}
{"col1": 19, "col2": "col19", "col3": 1.9}
{"col1": 20, "col2": "col20", "col3": 2}
{"col1": 21, "col2": "col21", "col3": 2.1}
{"col1": 22, "col2": "col22", "col3": 2.2}
{"col1": 23, "col2": "col23", "col3": 2.3}
{"col1": 24, "col2": "col24", "col3": 2.4}
{"col1": 25, "col2": "col25", "col3": 2.5}
{"col1": 26, "col2": "col26", "col3": 2.6}
{"col1": 27, "col2": "col27", "col3": 2.7}
{"col1": 28, "col2": "col28", "col3": 2.8}
{"col1": 29, "col2": "col29", "col3": 2.9}
{"col1": 30, "col2": "col30", "col3": 3}
{"col1": 31, "col2": "col31", "col3": 3.1}
{"col1": 32, "col2": "col32", "col3": 3.2}
{"col1": 33, "col2": "col33", "col3": 3.3}
{"col1": 34, "col2": "col34", "col3": 3.4}
{"col1": 35, "col2": "col35", "col3": 3.5}
{"col1": 36, "col2": "col36", "col3": 3.6}
{"col1": 37, "col2": "col37", "col3": 3.7}
{"col1": 38, "col2": "col38", "col3": 3.8}
{"col1": 39, "col2": "col39", "col3": 3.9}
{"col1": 40, "col2": "col40", "col3": 4}
{"col1": 41, "col2": "col41", "col3": 4.1}
{"col1": 42, "col2": "col42", "col3": 4.2}
{"col1": 43, "col2": "col43", "col3": 4.3}
{"col1": 44, "col2": "col44", "col3": 4.4}
{"col1": 45, "col2": "col45", "col3": 4.5}
{"col1": 46, "col2": "col46", "col3": 4.6}
{"col1": 47, "col2": "col47", "col3": 4.7}
{"col1": 48, "col2": "col48", "col3": 4.8}
{"col1": 49, "col2": "col49", "col3": 4.9}
{"col1": 50, "col2": "col50", "col3": 5}
{"col1": 51, "col2": "col51", "col3": 5.1}
{"col1": 52, "col2": "col52", "col3": 5.2}
{"col1": 53, "col2": "col53", "col3": 5.3}
{"col1": 54, "col2": "col54", "col3": 5.4}
{"col1": 55, "col2": "col55", "col3": 5.5}
{"col1": 56, "col2": "col56", "col3": 5.6}
{"col1": 57, "col2": "col57", "col3": 5.7}
{"col1": 58, "col2": "col58", "col3": 5.8}
{"col1": 59, "col2": "col59", "col3": 5.9}
{"col1": 60, "col2": "col60", "col3": 6}
{"col1": 61, "col2": "col61", "col3": 6.1}
{"col1": 62, "col2": "col62", "col3": 6.2}
{"col1": 63, "col2": "col63", "col3": 6.3}
{"col1": 64, "col2": "col64", "col3": 6.4}
{"col1": 65, "col2": "col65", "col3": 6.5}
{"col1": 66, "col2": "col66", "col3": 6.6}
{"col1": 67, "col2": "col67", "col3": 6.7}
{"col1": 68, "col2": "col68", "col3": 6.8}
{"col1": 69, "col2": "col69", "col3": 6.9}
{"col1": 70, "col2": "col70", "col3": 7}
{"col1": 71, "col2": "col71", "col3": 7.1}
{"col1": 72, "col2": "col72", "col3": 7.2}
{"col1": 73, "col2": "col73", "col3": 7.3}
{"col1": 74, "col2": "col74", "col3": 7.4}
{"col1": 75, "col2": "col75", "col3": 7.5}
{"col1": 76, "col2": "col76", "col3": 7.6}
{"col1": 77, "col2": "col77", "col3": 7.7}
{"col1": 78, "col2": "col78", "col3": 7.8}
{"col1": 79, "col2": "col79", "col3": 7.9}
{"col1": 80, "col2": "col80", "col3": 8}
{"col1": 81, "col2": "col81", "col3": 8.1}
{"col1": 82, "col2": "col82", "col3": 8.2}
{"col1": 83, "col2": "col83", "col3": 8.3}
{"col1": 84, "col2": "col84", "col3": 8.4}
{"col1": 85, "col2": "col85", "col3": 8.5}
{"col1": 86, "col2": "col86", "col3": 8.6}
{"col1": 87, "col2": "col87", "col3": 8.7}
{"col1": 88, "col2": "col88", "col3": 8.8}
{"col1": 89, "col2": "col89", "col3": 8.9}
{"col1": 90, "col2": "col90", "col3": 9}
{"col1": 91, "col2": "col91", "col3": 9.1}
{"col1": 92, "col2": "col92", "col3": 9.2}
{"col1": 93, "col2": "col93", "col3": 9.3}
{"col1": 94, "col2": "col94", "col3": 9.4}
{"col1": 95, "col2": "col95", "col3": 9.5}
{"col1": 96, "col2": "col96", "col3": 9.6}
{"col1": 97, "col2": "col97", "col3": 9.7}
{"col1": 98, "col2": "col98", "col3": 9.8}
{"col1": 99, "col2": "col99", "col3": 9.9}
{"col1": 100, "col2": "col100", "col3": 10}
{"col1": 101, "col2": "col101", "col3": 10.1}
{"col1": 102, "col2": "col102", "col3": 10.2}
{"col1": 103, "col2": "col103", "col3": 10.3}
{"col1": 104, "col2": "col104", "col3": 10.4}
{"col1": 105, "col2": "col105", "col3": 10.5}
{"col1": 106, "col2": "col106", "col3": 10.6}
{"col1": 107, "col2": "col107", "col3": 10.7}
{"col1": 108, "col2": "col108", "col3": 10.8}
{"col1": 109, "col2": "col109", "col3": 10.9}
{"col1": 110, "col2": "col110", "col3": 11}
{"col1": 111, "col2": "col111", "col3": 11.1}
{"col1": 112, "col2": "col112", "col3": 11.2}
{"col1": 113, "col2": "col113", "col3": 11.3}
{"col1": 114, "col2": "col114", "col3": 11.4}
{"col1": 115, "col2": "col115", "col3": 11.5}
{"col1": 116, "col2": "col116", "col3": 11.6}
{"col1": 117, "col2": "col117", "col3": 11.7}
{"col1": 118, "col2": "col118", "col3": 11.8}
{"col1": 119, "col2": "col119", "col3": 11.9}
{"col1": 120, "col2": "col120", "col3": 12}
{"col1": 121, "col2": "col121", "col3": 12.1}
{"col1": 122, "col2": "col122", "col3": 12.2}
{"col1": 123, "col2": "col123", "col3": 12.3}
{"col1": 124, "col2": "col124", "col3": 12.4}
{"col1": 125, "col2": "col125", "col3": 12.5}
{"col1": 126, "col2": "col126", "col3": 12.6}
{"col1": 127, "col2": "col127", "col3": 12.7}
{"col1": 128, "col2": "col128", "col3": 12.8}
{"col1": 129, "col2": "col129", "col3": 12.9}
{"col1": 130, "col2": "col130", "col3": 13}
{"col1": 131, "col2": "col131", "col3": 13.1}
{"col1": 132, "col2": "col132", "col3": 13.2}
{"col1": 133, "col2": "col133", "col3": 13.3}
{"col1": 134, "col2": "col134", "col3": 13.4}
{"col1": 135, "col2": "col135", "col3": 13.5}
{"col1": 136, "col2": "col136", "col3": 13.6}
{"col1": 137, "col2": "col137", "col3": 13.7}
{"col1": 138, "col2": "col138", "col3": 13.8}
{"col1": 139, "col2": "col139", "col3": 13.9}
{"col1": 140, "col2": "col140", "col3": 14}
{"col1": 141, "col2": "col141", "col3": 14.1}
{"col1": 142, "col2": "col142", "col3": 14.2}
{"col1": 143, "col2": "col143", "col3": 14.3}
{"col1": 144, "col2": "col144", "col3": 14.4}
{"col1": 145, "col2": "col145", "col3": 14.5}
{"col1": 146, "col2": "col146", "col3": 14.6}
{"col1": 147, "col2": "col147", "col3": 14.7}
{"col1": 148, "col2": "col148", "col3": 14.8}
{"col1": 149, "col2": "col149", "col3": 14.9}
{"col1": 150, "col2": "col150", "col3": 15}
{"col1": 151, "col2": "col151", "col3": 15.1}
{"col1": 152, "col2": "col152", "col3": 15.2}
{"col1": 153, "col2": "col153", "col3": 15.3}
{"col1": 154, "col2": "col154", "col3": 15.4}
{"col1": 155, "col2": "col155", "col3": 15.5}
{"col1": 156, "col2": "col156", "col3": 15.6}
{"col1": 157, "col2": "col157", "col3": 15.7}
{"col1": 158, "col2": "col158", "col3": 15.8}
{"col1": 159, "col2": "col159", "col3": 15.9}
{"col1": 160, "col2": "col160", "col3": 16}
{"col1": 161, "col2": "col161", "col3": 16.1}
{"col1": 162, "col2": "col162", "col3": 16.2}
{"col1": 163, "col2": "col163", "col3": 16.3}
{"col1": 164, "col2": "col164", "col3": 16.4}
{"col1": 165, "col2": "col165", "col3": 16.5}
{"col1": 166, "col2": "col166", "col3": 16.6}
{"col1": 167, "col2": "col167", "col3": 16.7}
{"col1": 168, "col2": "col168", "col3": 16.8}
{"col1": 169, "col2": "col169", "col3": 16.9}
{"col1": 170, "col2": "col170", "col3": 17}
{"col1": 171, "col2": "col171", "col3": 17.1}
{"col1": 172, "col2": "col172", "col3": 17.2}
{"col1": 173, "col2": "col173", "col3": 17.3}
{"col1": 174, "col2": "col174", "col3": 17.4}
{"col1": 175, "col2": "col175", "col3": 17.5}
{"col1": 176, "col2": "col176", "col3": 17.6}
{"col1": 177, "col2": "col177", "col3": 17.7}
{"col1": 178, "col2": "col178", "col3": 17.8}
{"col1": 179, "col2": "col179", "col3": 17.9}
{"col1": 180, "col2": "col180", "col3": 18}
{"col1": 181, "col2": "col181", "col3": 18.1}
{"col1": 182, "col2": "col182", "col3": 18.2}
{"col1": 183, "col2": "col183", "col3": 18.3}
{"col1": 184, "col2": "col184", "col3": 18.4}
{"col1": 185, "col2": "col185", "col3": 18.5}
{"col1": 186, "col2": "col186", "col3": 18.6}
{"col1": 187, "col2": "col187", "col3": 18.7}
{"col1": 188, "col2": "col188", "col3": 18.8}
{"col1": 189, "col2": "col189", "col3": 18.9}
{"col1": 190, "col2": "col190", "col3": 19}
{"col1": 191, "col2": "col191", "col3": 19.1}
{"col1": 192, "col2": "col192", "col3": 19.2}
{"col1": 193, "col2": "col193", "col3": 19.3}
{"col1": 194, "col2": "col194", "col3": 19.4}
{"col1": 195, "col2": "col195", "col3": 19.5}
{"col1": 196, "col2": "col196", "col3": 19.6}
{"col1": 197, "col2": "col197", "col3": 19.7}
{"col1": 198, "col2": "col198", "col3": 19.8}
{"col1": 199, "col2": "col199", "col3": 19.9}
{"col1": 200, "col2": "col200", "col3": 20}
{"col1": 201, "col2": "col201", "col3": 20.1}
{"col1": 202, "col2": "col202", "col3": 20.2}
{"col1": 203, "col2": "col203", "col3": 20.3}
{"col1": 204, "col2": "col204", "col3": 20.4}
{"col1": 205, "col2": "col205", "col3": 20.5}
{"col1": 206, "col2": "col206", "col3": 20.6}
{"col1": 207, "col2": "col207", "col3": 20.7}
{"col1": 208, "col2": "col208", "col3": 20.8}
{"col1": 209, "col2": "col209", "col3": 20.9}
{"col1": 210, "col2": "col210", "col3": 21}
{"col1": 211, "col2": "col211", "col3": 21.1}
{"col1": 212, "col2": "col212", "col3": 21.2}
{"col1": 213, "col2": "col213", "col3": 21.3}
{"col1": 214, "col2": "col214", "col3": 21.4}
{"col1": 215, "col2": "col215", "col3": 21.5}
{"col1": 216, "col2": "col216", "col3": 21.6}
{"col1": 217, "col2": "col217", "col3": 21.7}
{"col1": 218, "col2": "col218", "col3": 21.8}
{"col1": 219, "col2": "col219", "col3": 21.9}
{"col1": 220, "col2": "col220", "col3": 22}
{"col1": 221, "col2": "col221", "col3": 22.1}
{"col1": 222, "col2": "col222", "col3": 22.2}
{"col1": 223, "col2": "col223", "col3": 22.3}
{"col1": 224, "col2": "col224", "col3": 22.4}
{"col1": 225, "col2": "col225", "col3": 22.5}
{"col1": 226, "col2": "col226", "col3": 22.6}
{"col1": 227, "col2": "col227", "col3": 22.7}
{"col1": 228, "col2": "col228", "col3": 22.8}
{"col1": 229, "col2": "col229", "col3": 22.9}
{"col1": 230, "col2": "col230", "col3": 23}
{"col1": 231, "col2": "col231", "col3": 23.1}
{"col1": 232, "col2": "col232", "col3": 23.2}
{"col1": 233, "col2": "col233", "col3": 23.3}
{"col1": 234, "col2": "col234", "col3": 23.4}
{"col1": 235, "col2": "col235", "col3": 23.5}
{"col1": 236, "col2": "col236", "col3": 23.6}
{"col1": 237, "col2": "col237", "col3": 23.7}
{"col1": 238, "col2": "col238", "col3": 23.8}
{"col1": 239, "col2": "col239", "col3": 23.9}
{"col1": 240, "col2": "col240", "col3": 24}
{"col1": 241, "col2": "col241", "col3": 24.1}
{"col1": 242, "col2": "col242", "col3": 24.2}
{"col1": 243, "col2": "col243", "col3": 24.3}
{"col1": 244, "col2": "col244", "col3": 24.4}
{"col1": 245, "col2": "col245", "col3": 24.5}
{"col1": 246, "col2": "col246", "col3": 24.6}
{"col1": 247, "col2": "col247", "col3": 24.7}
{"col1": 248, "col2": "col248", "col3": 24.8}
{"col1": 249, "col2": "col249", "col3": 24.9}
{"col1": 250, "col2": "col250", "col3": 25}
{"col1": 251, "col2": "col251", "col3": 25.1}
{"col1": 252, "col2": "col252", "col3": 25.2}
{"col1": 253, "col2": "col253", "col3": 25.3}
{"col1": 254, "col2": "col254", "col3": 25.4}
{"col1": 255, "col2": "col255", "col3": 25.5}
{"col1": 256, "col2": "col256", "col3": 25.6}
{"col1": 257, "col2": "col257", "col3": 25.7}
{"col1": 258, "col2": "col258", "col3": 25.8}
{"col1": 259, "col2": "col259", "col3": 25.9}
{"col1": 260, "col2": "col260", "col3": 26}
{"col1": 261, "col2": "col261", "col3": 26.1}
{"col1": 262, "col2": "col262", "col3": 26.2}
{"col1": 263, "col2": "col263", "col3": 26.3}
{"col1": 264, "col2": "col264", "col3": 26.4}
{"col1": 265, "col2": "col265", "col3": 26.5}
{"col1": 266, "col2": "col266", "col3": 26.6}
{"col1": 267, "col2": "col267", "col3": 26.7}
{"col1": 268, "col2": "col268", "col3": 26.8}
{"col1": 269, "col2": "col269", "col3": 26.9}
{"col1": 270, "col2": "col270", "col3": 27}
{"col1": 271, "col2": "col271", "col3": 27.1}
{"col1": 272, "col2": "col272", "col3": 27.2}
{"col1": 273, "col2": "col273", "col3": 27.3}
{"col1": 274, "col2": "col274", "col3": 27.4}
{"col1": 275, "col2": "col275", "col3": 27.5}
{"col1": 276, "col2": "col276", "col3": 27.6}
{"col1": 277, "col2": "col277", "col3": 27.7}
{"col1": 278, "col2": "col278", "col3": 27.8}
{"col1": 279, "col2": "col279", "col3": 27.9}
{"col1": 280, "col2": "col280", "col3": 28}
{"col1": 281, "col2": "col281", "col3": 28.1}
{"col1": 282, "col2": "col282", "col3": 28.2}
{"col1": 283, "col2": "col283", "col3": 28.3}
{"col1": 284, "col2": "col284", "col3": 28.4}
{"col1": 285, "col2": "col285", "col3": 28.5}
{"col1": 286, "col2": "col286", "col3": 28.6}
{"col1": 287, "col2": "col287", "col3": 28.7}
{"col1": 288, "col2": "col288", "col3": 28.8}
{"col1": 289, "col2": "col289", "col3": 28.9}
{"col1": 290, "col2": "col290", "col3": 29}
{"col1": 291, "col2": "col291", "col3": 29.1}
{"col1": 292, "col2": "col292", "col3": 29.2}
{"col1": 293, "col2": "col293", "col3": 29.3}
{"col1": 294, "col2": "col294", "col3": 29.4}
{"col1": 295, "col2": "col295", "col3": 29.5}
{"col1": 296, "col2": "col296", "col3": 29.6}
{"col1": 297, "col2": "col297", "col3": 29.7}
{"col1": 298, "col2": "col298", "col3": 29.8}
{"col1": 299, "col2": "col299", "col3": 29.9}
{"col1": 300, "col2": "col300", "col3": 30}
{"col1": 301, "col2": "col301", "col3": 30.1}
{"col1": 302, "col2": "col302", "col3": 30.2}
{"col1": 303, "col2": "col303", "col3": 30.3}
{"col1": 304, "col2": "col304", "col3": 30.4}
{"col1": 305, "col2": "col305", "col3": 30.5}
{"col1": 306, "col2": "col306", "col3": 30.6}
{"col1": 307, "col2": "col307", "col3": 30.7}
{"col1": 308, "col2": "col308", "col3": 30.8}
{"col1": 309, "col2": "col309", "col3": 30.9}
{"col1": 310, "col2": "col310", "col3": 31}
{"col1": 311, "col2": "col311", "col3": 31.1}
{"col1": 312, "col2": "col312", "col3": 31.2}
{"col1": 313, "col2": "col313", "col3": 31.3}
{"col1": 314, "col2": "col314", "col3": 31.4}
{"col1": 315, "col2": "col315", "col3": 31.5}
{"col1": 316, "col2": "col316", "col3": 31.6}
{"col1": 317, "col2": "col317", "col3": 31.7}
{"col1": 318, "col2": "col318", "col3": 31.8}
{"col1": 319, "col2": "col319", "col3": 31.9}
{"col1": 320, "col2": "col320", "col3": 32}
{"col1": 321, "col2": "col321", "col3": 32.1}
{"col1": 322, "col2": "col322", "col3": 32.2}
{"col1": 323, "col2": "col323", "col3": 32.3}
{"col1": 324, "col2": "col324", "col3": 32.4}
{"col1": 325, "col2": "col325", "col3": 32.5}
{"col1": 326, "col2": "col326", "col3": 32.6}
{"col1": 327, "col2": "col327", "col3": 32.7}
{"col1": 328, "col2": "col328", "col3": 32.8}
{"col1": 329, "col2": "col329", "col3": 32.9}
{"col1": 330, "col2": "col330", "col3": 33}
{"col1": 331, "col2": "col331", "col3": 33.1}
{"col1": 332, "col2": "col332", "col3": 33.2}
{"col1": 333, "col2": "col333", "col3": 33.3}
{"col1": 334, "col2": "col334", "col3": 33.4}
{"col1": 335, "col2": "col335", "col3": 33.5}
{"col1": 336, "col2": "col336", "col3": 33.6}
{"col1": 337, "col2": "col337", "col3": 33.7}
{"col1": 338, "col2": "col338", "col3": 33.8}
{"col1": 339, "col2": "col339", "col3": 33.9}
{"col1": 340, "col2": "col340", "col3": 34}
{"col1": 341, "col2": "col341", "col3": 34.1}
{"col1": 342, "col2": "col342", "col3": 34.2}
{"col1": 343, "col2": "col343", "col3": 34.3}
{"col1": 344, "col2": "col344", "col3": 34.4}
{"col1": 345, "col2": "col345", "col3": 34.5}
{"col1": 346, "col2": "col346", "col3": 34.6}
{"col1": 347, "col2": "col347", "col3": 34.7}
{"col1": 348, "col2": "col348", "col3": 34.8}
{"col1": 349, "col2": "col349", "col3": 34.9}
{"col1": 350, "col2": "col350", "col3": 35}
{"col1": 351, "col2": "col351", "col3": 35.1}
{"col1": 352, "col2": "col352", "col3": 35.2}
{"col1": 353, "col2": "col353", "col3": 35.3}
{"col1": 354, "col2": "col354", "col3": 35.4}
{"col1": 355, "col2": "col355", "col3": 35.5}
{"col1": 356, "col2": "col356", "col3": 35.6}
{"col1": 357, "col2": "col357", "col3": 35.7}
{"col1": 358, "col2": "col358", "col3": 35.8}
{"col1": 359, "col2": "col359", "col3": 35.9}
{"col1": 360, "col2": "col360", "col3": 36}
{"col1": 361, "col2": "col361", "col3": 36.1}
{"col1": 362, "col2": "col362", "col3": 36.2}
{"col1": 363, "col2": "col363", "col3": 36.3}
{"col1": 364, "col2": "col364", "col3": 36.4}
{"col1": 365, "col2": "col365", "col3": 36.5}
{"col1": 366, "col2": "col366", "col3": 36.6}
{"col1": 367, "col2": "col367", "col3": 36.7}
{"col1": 368, "col2": "col368", "col3": 36.8}
{"col1": 369, "col2": "col369", "col3": 36.9}
{"col1": 370, "col2": "col370", "col3": 37}
{"col1": 371, "col2": "col371", "col3": 37.1}
{"col1": 372, "col2": "col372", "col3": 37.2}
{"col1": 373, "col2": "col373", "col3": 37.3}
{"col1": 374, "col2": "col374", "col3": 37.4}
{"col1": 375, "col2": "col375", "col3": 37.5}
{"col1": 376, "col2": "col376", "col3": 37.6}
{"col1": 377, "col2": "col377", "col3": 37.7}
{"col1": 378, "col2": "col378", "col3": 37.8}
{"col1": 379, "col2": "col379", "col3": 37.9}
{"col1": 380, "col2": "col380", "col3": 38}
{"col1": 381, "col2": "col381", "col3": 38.1}
{"col1": 382, "col2": "col382", "col3": 38.2}
{"col1": 383, "col2": "col383", "col3": 38.3}
{"col1": 384, "col2": "col384", "col3": 38.4}
{"col1": 385, "col2": "col385", "col3": 38.5}
{"col1": 386, "col2": "col386", "col3": 38.6}
{"col1": 387, "col2": "col387", "col3": 38.7}
{"col1": 388, "col2": "col388", "col3": 38.8}
{"col1": 389, "col2": "col389", "col3": 38.9}
{"col1": 390, "col2": "col390", "col3": 39}
{"col1": 391, "col2": "col391", "col3": 39.1}
{"col1": 392, "col2": "col392", "col3": 39.2}
{"col1": 393, "col2": "col393", "col3": 39.3}
{"col1": 394, "col2": "col394", "col3": 39.4}
{"col1": 395, "col2": "col395", "col3": 39.5}
{"col1": 396, "col2": "col396", "col3": 39.6}
{"col1": 397, "col2": "col397", "col3": 39.7}
{"col1": 398, "col2": "col398", "col3": 39.8}
{"col1": 399, "col2": "col399", "col3": 39.9}
{"col1": 400, "col2": "col400", "col3": 40}
{"col1": 401, "col2": "col401", "col3": 40.1}
{"col1": 402, "col2": "col402", "col3": 40.2}
{"col1": 403, "col2": "col403", "col3": 40.3}
{"col1": 404, "col2": "col404", "col3": 40.4}
{"col1": 405, "col2": "col405", "col3": 40.5}
{"col1": 406, "col2": "col406", "col3": 40.6}
{"col1": 407, "col2": "col407", "col3": 40.7}
{"col1": 408, "col2": "col408", "col3": 40.8}
{"col1": 409, "col2": "col409", "col3": 40.9}
{"col1": 410, "col2": "col410", "col3": 41}
{"col1": 411, "col2": "col411", "col3": 41.1}
{"col1": 412, "col2": "col412", "col3": 41.2}
{"col1": 413, "col2": "col413", "col3": 41.3}
{"col1": 414, "col2": "col414", "col3": 41.4}
{"col1": 415, "col2": "col415", "col3": 41.5}
{"col1": 416, "col2": "col416", "col3": 41.6}
{"col1": 417, "col2": "col417", "col3": 41.7}
{"col1": 418, "col2": "col418", "col3": 41.8}
{"col1": 419, "col2": "col419", "col3": 41.9}
{"col1": 420, "col2": "col420", "col3": 42}
{"col1": 421, "col2": "col421", "col3": 42.1}
{"col1": 422, "col2": "col422", "col3": 42.2}
{"col1": 423, "col2": "col423", "col3": 42.3}
{"col1": 424, "col2": "col424", "col3": 42.4}
{"col1": 425, "col2": "col425", "col3": 42.5}
{"col1": 426, "col2": "col426", "col3": 42.6}
{"col1": 427, "col2": "col427", "col3": 42.7}
{"col1": 428, "col2": "col428", "col3": 42.8}
{"col1": 429, "col2": "col429", "col3": 42.9}
{"col1": 430, "col2": "col430", "col3": 43}
{"col1": 431, "col2": "col431", "col3": 43.1}
{"col1": 432, "col2": "col432", "col3": 43.2}
{"col1": 433, "col2": "col433", "col3": 43.3}
{"col1": 434, "col2": "col434", "col3": 43.4}
{"col1": 435, "col2": "col435", "col3": 43.5}
{"col1": 436, "col2": "col436", "col3": 43.6}
{"col1": 437, "col2": "col437", "col3": 43.7}
{"col1": 438, "col2": "col438", "col3": 43.8}
{"col1": 439, "col2": "col439", "col3": 43.9}
{"col1": 440, "col2": "col440", "col3": 44}
{"col1": 441, "col2": "col441", "col3": 44.1}
{"col1": 442, "col2": "col442", "col3": 44.2}
{"col1": 443, "col2": "col443", "col3": 44.3}
{"col1": 444, "col2": "col444", "col3": 44.4}
{"col1": 445, "col2": "col445", "col3": 44.5}
{"col1": 446, "col2": "col446", "col3": 44.6}
{"col1": 447, "col2": "col447", "col3": 44.7}
{"col1": 448, "col2": "col448", "col3": 44.8}
{"col1": 449, "col2": "col449", "col3": 44.9}
{"col1": 450, "col2": "col450", "col3": 45}
{"col1": 451, "col2": "col451", "col3": 45.1}
{"col1": 452, "col2": "col452", "col3": 45.2}
{"col1": 453, "col2": "col453", "col3": 45.3}
{"col1": 454, "col2": "col454", "col3": 45.4}
{"col1": 455, "col2": "col455", "col3": 45.5}
{"col1": 456, "col2": "col456", "col3": 45.6}
{"col1": 457, "col2": "col457", "col3": 45.7}
{"col1": 458, "col2": "col458", "col3": 45.8}
{"col1": 459, "col2": "col459", "col3": 45.9}
{"col1": 460, "col2": "col460", "col3": 46}
{"col1": 461, "col2": "col461", "col3": 46.1}
{"col1": 462, "col2": "col462", "col3": 46.2}
{"col1": 463, "col2": "col463", "col3": 46.3}
{"col1": 464, "col2": "col464", "col3": 46.4}
{"col1": 465, "col2": "col465", "col3": 46.5}
{"col1": 466, "col2": "col466", "col3": 46.6}
{"col1": 467, "col2": "col467", "col3": 46.7}
{"col1": 468, "col2": "col468", "col3": 46.8}
{"col1": 469, "col2": "col469", "col3": 46.9}
{"col1": 470, "col2": "col470", "col3": 47}
{"col1": 471, "col2": "col471", "col3": 47.1}
{"col1": 472, "col2": "col472", "col3": 47.2}
{"col1": 473, "col2": "col473", "col3": 47.3}
{"col1": 474, "col2": "col474", "col3": 47.4}
{"col1": 475, "col2": "col475", "col3": 47.5}
{"col1": 476, "col2": "col476", "col3": 47.6}
{"col1": 477, "col2": "col477", "col3": 47.7}
{"col1": 478, "col2": "col478", "col3": 47.8}
{"col1": 479, "col2": "col479", "col3": 47.9}
{"col1": 480, "col2": "col480", "col3": 48}
{"col1": 481, "col2": "col481", "col3": 48.1}
{"col1": 482, "col2": "col482", "col3": 48.2}
{"col1": 483, "col2": "col483", "col3": 48.3}
{"col1": 484, "col2": "col484", "col3": 48.4}
{"col1": 485, "col2": "col485", "col3": 48.5}
{"col1": 486, "col2": "col486", "col3": 48.6}
{"col1": 487, "col2": "col487", "col3": 48.7}
{"col1": 488, "col2": "col488", "col3": 48.8}
{"col1": 489, "col2": "col489", "col3": 48.9}
{"col1": 490, "col2": "col490", "col3": 49}
{"col1": 491, "col2": "col491", "col3": 49.1}
{"col1": 492, "col2": "col492", "col3": 49.2}
{"col1": 493, "col2": "col493", "col3": 49.3}
{"col1": 494, "col2": "col494", "col3": 49.4}
{"col1": 495, "col2": "col495", "col3": 49.5}
{"col1": 496, "col2": "col496", "col3": 49.6}
{"col1": 497, "col2": "col497", "col3": 49.7}
{"col1": 498, "col2": "col498", "col3": 49.8}
{"col1": 499, "col2": "col499", "col3": 49.9}