{"col1": 0, "col2": "cln-0", "col3": 0}
{"col1": 1, "col2": "cln-1", "col3": 0.1}
{"col1": 2, "col2": "cln-2", "col3": 0.2}
{"col1": 3, "col2": "cln-3", "col3": 0.3}
{"col1": 4, "col2": "cln-4", "col3": 0.4}
{"col1": 5, "col2": "cln-5", "col3": 0.5}
{"col1": 6, "col2": "cln-6", "col3": 0.6}
{"col1": 7, "col2": "cln-7", "col3": 0.7}
{"col1": 8, "col2": "cln-8", "col3": 0.8}
{"col1": 9, "col2": "cln-9", "col3": 0.9}