{"col1": 0, "col2": "col0", "col3": 0}
{"col1": 1, "col2": "col1", "col3": 0.1}
{"col1": 2, "col2": "col2", "col3": 0.2}
{"col1": 3, "col2": "col3", "col3": 0.3}
{"col1": 4, "col2": "col4", "col3": 0.4}
{"col1": 5, "col2": "col5", "col3": 0.5}
{"col1": 6, "col2": "col6", "col3": 0.6}
{"col1": 7, "col2": "col7", "col3": 0.7}
{"col1": 8, "col2": "col8", "col3": 0.8}
{"col1": 9, "col2": "col9", "col3": 0.9}