select orc_inmem_test('/home/postgres/sock_orcinmem', '/home/postgres/projects/filikadb/research/OrcInMem/test/sql/data/');
     orc_inmem_test     
------------------------
 orc_inmem_test SUCCEED
(1 row)

