select orc_buffer_test('/home/postgres/sock_orcinmem');
     orc_buffer_test     
-------------------------
 orc_buffer_test SUCCEED
(1 row)

select orc_inmem_test('/home/postgres/sock_orcinmem', '/home/postgres/projects/filikadb/research/OrcInMem/pgext/test/sql/data/');
     orc_inmem_test     
------------------------
 orc_inmem_test SUCCEED
(1 row)

