{"col1": 0, "col2": col0, "col3": 0}
{"col1": 1, "col2": col1, "col3": 0.1}
{"col1": 2, "col2": col2, "col3": 0.2}
{"col1": 3, "col2": col3, "col3": 0.3}
{"col1": 4, "col2": col4, "col3": 0.4}
{"col1": 5, "col2": col5, "col3": 0.5}
{"col1": 6, "col2": col6, "col3": 0.6}
{"col1": 7, "col2": col7, "col3": 0.7}
{"col1": 8, "col2": col8, "col3": 0.8}
{"col1": 9, "col2": col9, "col3": 0.9}
{"col1": 10, "col2": col10, "col3": 1}
{"col1": 11, "col2": col11, "col3": 1.1}
{"col1": 12, "col2": col12, "col3": 1.2}
{"col1": 13, "col2": col13, "col3": 1.3}
{"col1": 14, "col2": col14, "col3": 1.4}
{"col1": 15, "col2": col15, "col3": 1.5}
{"col1": 16, "col2": col16, "col3": 1.6}
{"col1": 17, "col2": col17, "col3": 1.7}
{"col1": 18, "col2": col18, "col3": 1.8}
{"col1": 19, "col2": col19, "col3": 1.9}
{"col1": 20, "col2": col20, "col3": 2}
{"col1": 21, "col2": col21, "col3": 2.1}
{"col1": 22, "col2": col22, "col3": 2.2}
{"col1": 23, "col2": col23, "col3": 2.3}
{"col1": 24, "col2": col24, "col3": 2.4}
{"col1": 25, "col2": col25, "col3": 2.5}
{"col1": 26, "col2": col26, "col3": 2.6}
{"col1": 27, "col2": col27, "col3": 2.7}
{"col1": 28, "col2": col28, "col3": 2.8}
{"col1": 29, "col2": col29, "col3": 2.9}
{"col1": 30, "col2": col30, "col3": 3}
{"col1": 31, "col2": col31, "col3": 3.1}
{"col1": 32, "col2": col32, "col3": 3.2}
{"col1": 33, "col2": col33, "col3": 3.3}
{"col1": 34, "col2": col34, "col3": 3.4}
{"col1": 35, "col2": col35, "col3": 3.5}
{"col1": 36, "col2": col36, "col3": 3.6}
{"col1": 37, "col2": col37, "col3": 3.7}
{"col1": 38, "col2": col38, "col3": 3.8}
{"col1": 39, "col2": col39, "col3": 3.9}
{"col1": 40, "col2": col40, "col3": 4}
{"col1": 41, "col2": col41, "col3": 4.1}
{"col1": 42, "col2": col42, "col3": 4.2}
{"col1": 43, "col2": col43, "col3": 4.3}
{"col1": 44, "col2": col44, "col3": 4.4}
{"col1": 45, "col2": col45, "col3": 4.5}
{"col1": 46, "col2": col46, "col3": 4.6}
{"col1": 47, "col2": col47, "col3": 4.7}
{"col1": 48, "col2": col48, "col3": 4.8}
{"col1": 49, "col2": col49, "col3": 4.9}
